// Jest Snapshot v1, https://goo.gl/fbAQLP

exports[`Impact card unit test should match snapshot 1`] = `
Object {
  "asFragment": [Function],
  "baseElement": <body>
    <div>
      <div
        class="col-span-12 sm:col-span-6 md:col-span-3 md:min-h-[350px] flex flex-col p-8 md:pt-32 rounded-3xl relative shadow-lg bg-neon--yellow"
        data-testid="card"
      >
        <div
          class="md:absolute md:-top-24 md:-right-4 mx-auto md:mx-0 md:w-56 md:h-56"
        >
          <img
            alt="image"
            data-testid="card-image"
            height="220"
            quality="100"
            src="home.jpg"
            width="220"
          />
        </div>
        <div
          class="text-white"
        >
          <h3
            class="font-semibold text-xl mb-1"
            data-testid="card-title"
          >
            Title
          </h3>
          <p
            class="text-lg"
            data-testid="card-description"
          >
            Description
          </p>
        </div>
      </div>
    </div>
  </body>,
  "container": <div>
    <div
      class="col-span-12 sm:col-span-6 md:col-span-3 md:min-h-[350px] flex flex-col p-8 md:pt-32 rounded-3xl relative shadow-lg bg-neon--yellow"
      data-testid="card"
    >
      <div
        class="md:absolute md:-top-24 md:-right-4 mx-auto md:mx-0 md:w-56 md:h-56"
      >
        <img
          alt="image"
          data-testid="card-image"
          height="220"
          quality="100"
          src="home.jpg"
          width="220"
        />
      </div>
      <div
        class="text-white"
      >
        <h3
          class="font-semibold text-xl mb-1"
          data-testid="card-title"
        >
          Title
        </h3>
        <p
          class="text-lg"
          data-testid="card-description"
        >
          Description
        </p>
      </div>
    </div>
  </div>,
  "debug": [Function],
  "findAllByAltText": [Function],
  "findAllByDisplayValue": [Function],
  "findAllByLabelText": [Function],
  "findAllByPlaceholderText": [Function],
  "findAllByRole": [Function],
  "findAllByTestId": [Function],
  "findAllByText": [Function],
  "findAllByTitle": [Function],
  "findByAltText": [Function],
  "findByDisplayValue": [Function],
  "findByLabelText": [Function],
  "findByPlaceholderText": [Function],
  "findByRole": [Function],
  "findByTestId": [Function],
  "findByText": [Function],
  "findByTitle": [Function],
  "getAllByAltText": [Function],
  "getAllByDisplayValue": [Function],
  "getAllByLabelText": [Function],
  "getAllByPlaceholderText": [Function],
  "getAllByRole": [Function],
  "getAllByTestId": [Function],
  "getAllByText": [Function],
  "getAllByTitle": [Function],
  "getByAltText": [Function],
  "getByDisplayValue": [Function],
  "getByLabelText": [Function],
  "getByPlaceholderText": [Function],
  "getByRole": [Function],
  "getByTestId": [Function],
  "getByText": [Function],
  "getByTitle": [Function],
  "queryAllByAltText": [Function],
  "queryAllByDisplayValue": [Function],
  "queryAllByLabelText": [Function],
  "queryAllByPlaceholderText": [Function],
  "queryAllByRole": [Function],
  "queryAllByTestId": [Function],
  "queryAllByText": [Function],
  "queryAllByTitle": [Function],
  "queryByAltText": [Function],
  "queryByDisplayValue": [Function],
  "queryByLabelText": [Function],
  "queryByPlaceholderText": [Function],
  "queryByRole": [Function],
  "queryByTestId": [Function],
  "queryByText": [Function],
  "queryByTitle": [Function],
  "rerender": [Function],
  "unmount": [Function],
}
`;
